| Tool Version : Vivado v.2024.2 (lin64) Build 5239630
| Date         : Sun May 17 12:54:44 2026
| Command      : report_utilization -file full_util_routed.rpt
| Design       : level0_wrapper
| Device       : xcu250-figd2104-2L-e
| Design State : Routed

Utilization Design Information

1. CLB Logic
------------
+----------------------------+--------+-------+------------+-----------+-------+
|          Site Type         |  Used  | Fixed | Prohibited | Available | Util% |
+----------------------------+--------+-------+------------+-----------+-------+
| CLB LUTs                   | 154393 | 56815 |       1792 |   1726208 |  8.94 |
| CLB Registers              | 251055 | 99159 |       3584 |   3452416 |  7.27 |
+----------------------------+--------+-------+------------+-----------+-------+

3. BLOCKRAM
-----------
+-------------------+-------+-------+------------+-----------+-------+
|     Site Type     |  Used | Fixed | Prohibited | Available | Util% |
+-------------------+-------+-------+------------+-----------+-------+
| Block RAM Tile    | 311.5 |     0 |          0 |      2688 | 11.59 |
| URAM              |     0 |     0 |          0 |      1280 |  0.00 |
+-------------------+-------+-------+------------+-----------+-------+
